---
source: tests/common/mod.rs
assertion_line: 68
expression: results.file_map
---
- offset: 0
  id: "[uuid]"
  size: 73349
  name: lzma
  confidence: 250
  description: "LZMA compressed data, properties: 0x5D, dictionary size: 67108864 bytes, compressed size: 73349 bytes, uncompressed size: -1 bytes"
  always_display: false
  extraction_declined: false
